time="2026-05-05T02:46:15.054854220Z" level=info msg="Starting up"
time="2026-05-05T02:46:15.147982681Z" level=info msg="containerd not running, starting managed containerd"
time="2026-05-05T02:46:15.185274878Z" level=info msg="started new containerd process" address=/var/run/docker/containerd/containerd.sock module=libcontainerd pid=574
time="2026-05-05T02:46:17.948202084Z" level=info msg="starting containerd" revision=dea7da592f5d1d2b7755e3a161be07f43fad8f75 version=2.2.1-1
time="2026-05-05T02:46:17.969092146Z" level=warning msg="Configuration migrated from version 2, use `containerd config migrate` to avoid migration" t="3.857µs"
time="2026-05-05T02:46:17.969132622Z" level=info msg="loading plugin" id=io.containerd.image-verifier.v1.bindir type=io.containerd.image-verifier.v1
time="2026-05-05T02:46:17.969154232Z" level=info msg="loading plugin" id=io.containerd.internal.v1.opt type=io.containerd.internal.v1
time="2026-05-05T02:46:17.974133997Z" level=info msg="loading plugin" id=io.containerd.warning.v1.deprecations type=io.containerd.warning.v1
time="2026-05-05T02:46:17.974161589Z" level=info msg="loading plugin" id=io.containerd.content.v1.content type=io.containerd.content.v1
time="2026-05-05T02:46:17.974195201Z" level=info msg="loading plugin" id=io.containerd.mount-handler.v1.erofs type=io.containerd.mount-handler.v1
time="2026-05-05T02:46:17.974208977Z" level=info msg="loading plugin" id=io.containerd.snapshotter.v1.blockfile type=io.containerd.snapshotter.v1
time="2026-05-05T02:46:17.974292864Z" level=info msg="skip loading plugin" error="no scratch file generator: skip plugin" id=io.containerd.snapshotter.v1.blockfile type=io.containerd.snapshotter.v1
time="2026-05-05T02:46:17.974308463Z" level=info msg="loading plugin" id=io.containerd.snapshotter.v1.btrfs type=io.containerd.snapshotter.v1
time="2026-05-05T02:46:17.974629272Z" level=info msg="skip loading plugin" error="path /var/lib/docker/containerd/daemon/io.containerd.snapshotter.v1.btrfs (ext4) must be a btrfs filesystem to be used with the btrfs snapshotter: skip plugin" id=io.containerd.snapshotter.v1.btrfs type=io.containerd.snapshotter.v1
time="2026-05-05T02:46:17.974650090Z" level=info msg="loading plugin" id=io.containerd.snapshotter.v1.devmapper type=io.containerd.snapshotter.v1
time="2026-05-05T02:46:17.974669487Z" level=info msg="skip loading plugin" error="devmapper not configured: skip plugin" id=io.containerd.snapshotter.v1.devmapper type=io.containerd.snapshotter.v1
time="2026-05-05T02:46:17.974679976Z" level=info msg="loading plugin" id=io.containerd.snapshotter.v1.erofs type=io.containerd.snapshotter.v1
time="2026-05-05T02:46:17.974890619Z" level=info msg="skip loading plugin" error="EROFS unsupported, please `modprobe erofs`: skip plugin" id=io.containerd.snapshotter.v1.erofs type=io.containerd.snapshotter.v1
time="2026-05-05T02:46:17.974905026Z" level=info msg="loading plugin" id=io.containerd.snapshotter.v1.native type=io.containerd.snapshotter.v1
time="2026-05-05T02:46:17.975020101Z" level=info msg="loading plugin" id=io.containerd.snapshotter.v1.overlayfs type=io.containerd.snapshotter.v1
time="2026-05-05T02:46:17.975259989Z" level=info msg="loading plugin" id=io.containerd.snapshotter.v1.zfs type=io.containerd.snapshotter.v1
time="2026-05-05T02:46:17.975310734Z" level=info msg="skip loading plugin" error="lstat /var/lib/docker/containerd/daemon/io.containerd.snapshotter.v1.zfs: no such file or directory: skip plugin" id=io.containerd.snapshotter.v1.zfs type=io.containerd.snapshotter.v1
time="2026-05-05T02:46:17.975323327Z" level=info msg="loading plugin" id=io.containerd.event.v1.exchange type=io.containerd.event.v1
time="2026-05-05T02:46:17.975562225Z" level=info msg="loading plugin" id=io.containerd.monitor.task.v1.cgroups type=io.containerd.monitor.task.v1
time="2026-05-05T02:46:17.975980296Z" level=info msg="loading plugin" id=io.containerd.metadata.v1.bolt type=io.containerd.metadata.v1
time="2026-05-05T02:46:17.976063561Z" level=info msg="metadata content store policy set" policy=shared
time="2026-05-05T02:46:17.979464469Z" level=info msg="loading plugin" id=io.containerd.gc.v1.scheduler type=io.containerd.gc.v1
time="2026-05-05T02:46:17.979536023Z" level=info msg="loading plugin" id=io.containerd.nri.v1.nri type=io.containerd.nri.v1
time="2026-05-05T02:46:17.979570266Z" level=info msg="built-in NRI default validator is disabled"
time="2026-05-05T02:46:17.979618487Z" level=info msg="runtime interface created"
time="2026-05-05T02:46:17.979625600Z" level=info msg="created NRI interface"
time="2026-05-05T02:46:17.979636791Z" level=info msg="loading plugin" id=io.containerd.differ.v1.erofs type=io.containerd.differ.v1
time="2026-05-05T02:46:17.980292194Z" level=info msg="skip loading plugin" error="failed to check mkfs.erofs availability: failed to run mkfs.erofs --help: exec: \"mkfs.erofs\": executable file not found in $PATH: skip plugin" id=io.containerd.differ.v1.erofs type=io.containerd.differ.v1
time="2026-05-05T02:46:17.980308354Z" level=info msg="loading plugin" id=io.containerd.differ.v1.walking type=io.containerd.differ.v1
time="2026-05-05T02:46:17.980331217Z" level=info msg="loading plugin" id=io.containerd.lease.v1.manager type=io.containerd.lease.v1
time="2026-05-05T02:46:17.980345053Z" level=info msg="loading plugin" id=io.containerd.mount-manager.v1.bolt type=io.containerd.mount-manager.v1
time="2026-05-05T02:46:17.982214973Z" level=info msg="loading plugin" id=io.containerd.service.v1.containers-service type=io.containerd.service.v1
time="2026-05-05T02:46:17.982240942Z" level=info msg="loading plugin" id=io.containerd.service.v1.content-service type=io.containerd.service.v1
time="2026-05-05T02:46:17.982253806Z" level=info msg="loading plugin" id=io.containerd.service.v1.diff-service type=io.containerd.service.v1
time="2026-05-05T02:46:17.982269555Z" level=info msg="loading plugin" id=io.containerd.service.v1.images-service type=io.containerd.service.v1
time="2026-05-05T02:46:17.982283782Z" level=info msg="loading plugin" id=io.containerd.service.v1.introspection-service type=io.containerd.service.v1
time="2026-05-05T02:46:17.982295794Z" level=info msg="loading plugin" id=io.containerd.service.v1.namespaces-service type=io.containerd.service.v1
time="2026-05-05T02:46:17.982307646Z" level=info msg="loading plugin" id=io.containerd.service.v1.snapshots-service type=io.containerd.service.v1
time="2026-05-05T02:46:17.982317925Z" level=info msg="loading plugin" id=io.containerd.shim.v1.manager type=io.containerd.shim.v1
time="2026-05-05T02:46:17.982330188Z" level=info msg="loading plugin" id=io.containerd.runtime.v2.task type=io.containerd.runtime.v2
time="2026-05-05T02:46:17.982521736Z" level=info msg="loading plugin" id=io.containerd.service.v1.tasks-service type=io.containerd.service.v1
time="2026-05-05T02:46:17.982547143Z" level=info msg="loading plugin" id=io.containerd.grpc.v1.containers type=io.containerd.grpc.v1
time="2026-05-05T02:46:17.982569936Z" level=info msg="loading plugin" id=io.containerd.grpc.v1.content type=io.containerd.grpc.v1
time="2026-05-05T02:46:17.982583070Z" level=info msg="loading plugin" id=io.containerd.grpc.v1.diff type=io.containerd.grpc.v1
time="2026-05-05T02:46:17.982595143Z" level=info msg="loading plugin" id=io.containerd.grpc.v1.events type=io.containerd.grpc.v1
time="2026-05-05T02:46:17.982615511Z" level=info msg="loading plugin" id=io.containerd.grpc.v1.images type=io.containerd.grpc.v1
time="2026-05-05T02:46:17.982628615Z" level=info msg="loading plugin" id=io.containerd.grpc.v1.introspection type=io.containerd.grpc.v1
time="2026-05-05T02:46:17.982641098Z" level=info msg="loading plugin" id=io.containerd.grpc.v1.leases type=io.containerd.grpc.v1
time="2026-05-05T02:46:17.982653852Z" level=info msg="loading plugin" id=io.containerd.grpc.v1.mounts type=io.containerd.grpc.v1
time="2026-05-05T02:46:17.982665173Z" level=info msg="loading plugin" id=io.containerd.grpc.v1.namespaces type=io.containerd.grpc.v1
time="2026-05-05T02:46:17.982678178Z" level=info msg="loading plugin" id=io.containerd.sandbox.store.v1.local type=io.containerd.sandbox.store.v1
time="2026-05-05T02:46:17.982690851Z" level=info msg="loading plugin" id=io.containerd.transfer.v1.local type=io.containerd.transfer.v1
time="2026-05-05T02:46:17.982735926Z" level=info msg="loading plugin" id=io.containerd.cri.v1.images type=io.containerd.cri.v1
time="2026-05-05T02:46:17.982773656Z" level=info msg="Get image filesystem path \"/var/lib/docker/containerd/daemon/io.containerd.snapshotter.v1.overlayfs\" for snapshotter \"overlayfs\""
time="2026-05-05T02:46:17.982786470Z" level=info msg="Start snapshots syncer"
time="2026-05-05T02:46:17.982810525Z" level=info msg="loading plugin" id=io.containerd.cri.v1.runtime type=io.containerd.cri.v1
time="2026-05-05T02:46:17.983119942Z" level=info msg="starting cri plugin" config="{\"containerd\":{\"defaultRuntimeName\":\"runc\",\"runtimes\":{\"runc\":{\"runtimeType\":\"io.containerd.runc.v2\",\"runtimePath\":\"\",\"PodAnnotations\":null,\"ContainerAnnotations\":null,\"options\":{\"BinaryName\":\"\",\"CriuImagePath\":\"\",\"CriuWorkPath\":\"\",\"IoGid\":0,\"IoUid\":0,\"NoNewKeyring\":false,\"Root\":\"\",\"ShimCgroup\":\"\",\"SystemdCgroup\":false},\"privileged_without_host_devices\":false,\"privileged_without_host_devices_all_devices_allowed\":false,\"cgroupWritable\":false,\"baseRuntimeSpec\":\"\",\"cniConfDir\":\"\",\"cniMaxConfNum\":0,\"snapshotter\":\"\",\"sandboxer\":\"podsandbox\",\"io_type\":\"\"}},\"ignoreBlockIONotEnabledErrors\":false,\"ignoreRdtNotEnabledErrors\":false},\"cni\":{\"binDir\":\"\",\"binDirs\":[\"/opt/cni/bin\"],\"confDir\":\"/etc/cni/net.d\",\"maxConfNum\":1,\"setupSerially\":false,\"confTemplate\":\"\",\"ipPref\":\"\",\"useInternalLoopback\":false},\"enableSelinux\":false,\"selinuxCategoryRange\":1024,\"maxContainerLogLineSize\":16384,\"disableApparmor\":false,\"restrictOOMScoreAdj\":false,\"disableProcMount\":false,\"unsetSeccompProfile\":\"\",\"tolerateMissingHugetlbController\":true,\"disableHugetlbController\":true,\"device_ownership_from_security_context\":false,\"ignoreImageDefinedVolumes\":false,\"netnsMountsUnderStateDir\":false,\"enableUnprivilegedPorts\":true,\"enableUnprivilegedICMP\":true,\"enableCDI\":true,\"cdiSpecDirs\":[\"/etc/cdi\",\"/var/run/cdi\"],\"drainExecSyncIOTimeout\":\"0s\",\"ignoreDeprecationWarnings\":null,\"containerdRootDir\":\"/var/lib/docker/containerd/daemon\",\"containerdEndpoint\":\"/var/run/docker/containerd/containerd.sock\",\"rootDir\":\"/var/lib/docker/containerd/daemon/io.containerd.grpc.v1.cri\",\"stateDir\":\"/var/run/docker/containerd/daemon/io.containerd.grpc.v1.cri\"}"
time="2026-05-05T02:46:17.983178191Z" level=info msg="loading plugin" id=io.containerd.podsandbox.controller.v1.podsandbox type=io.containerd.podsandbox.controller.v1
time="2026-05-05T02:46:17.983221552Z" level=info msg="loading plugin" id=io.containerd.sandbox.controller.v1.shim type=io.containerd.sandbox.controller.v1
time="2026-05-05T02:46:17.983427757Z" level=info msg="loading plugin" id=io.containerd.grpc.v1.sandbox-controllers type=io.containerd.grpc.v1
time="2026-05-05T02:46:17.983454507Z" level=info msg="loading plugin" id=io.containerd.grpc.v1.sandboxes type=io.containerd.grpc.v1
time="2026-05-05T02:46:17.983467691Z" level=info msg="loading plugin" id=io.containerd.grpc.v1.snapshots type=io.containerd.grpc.v1
time="2026-05-05T02:46:17.983479002Z" level=info msg="loading plugin" id=io.containerd.streaming.v1.manager type=io.containerd.streaming.v1
time="2026-05-05T02:46:17.983491025Z" level=info msg="loading plugin" id=io.containerd.grpc.v1.streaming type=io.containerd.grpc.v1
time="2026-05-05T02:46:17.983502186Z" level=info msg="loading plugin" id=io.containerd.grpc.v1.tasks type=io.containerd.grpc.v1
time="2026-05-05T02:46:17.983518747Z" level=info msg="loading plugin" id=io.containerd.grpc.v1.transfer type=io.containerd.grpc.v1
time="2026-05-05T02:46:17.983537101Z" level=info msg="loading plugin" id=io.containerd.grpc.v1.version type=io.containerd.grpc.v1
time="2026-05-05T02:46:17.983549644Z" level=info msg="loading plugin" id=io.containerd.monitor.container.v1.restart type=io.containerd.monitor.container.v1
time="2026-05-05T02:46:17.983573008Z" level=info msg="loading plugin" id=io.containerd.tracing.processor.v1.otlp type=io.containerd.tracing.processor.v1
time="2026-05-05T02:46:17.983591302Z" level=info msg="skip loading plugin" error="skip plugin: tracing endpoint not configured" id=io.containerd.tracing.processor.v1.otlp type=io.containerd.tracing.processor.v1
time="2026-05-05T02:46:17.983601872Z" level=info msg="loading plugin" id=io.containerd.internal.v1.tracing type=io.containerd.internal.v1
time="2026-05-05T02:46:17.983612983Z" level=info msg="skip loading plugin" error="skip plugin: tracing endpoint not configured" id=io.containerd.internal.v1.tracing type=io.containerd.internal.v1
time="2026-05-05T02:46:17.983622641Z" level=info msg="loading plugin" id=io.containerd.ttrpc.v1.otelttrpc type=io.containerd.ttrpc.v1
time="2026-05-05T02:46:17.983634042Z" level=info msg="loading plugin" id=io.containerd.grpc.v1.healthcheck type=io.containerd.grpc.v1
time="2026-05-05T02:46:17.984666799Z" level=info msg=serving... address=/var/run/docker/containerd/containerd-debug.sock
time="2026-05-05T02:46:17.985097283Z" level=info msg=serving... address=/var/run/docker/containerd/containerd.sock.ttrpc
time="2026-05-05T02:46:17.985289221Z" level=info msg=serving... address=/var/run/docker/containerd/containerd.sock
time="2026-05-05T02:46:17.985341549Z" level=info msg="containerd successfully booted in 0.038345s"
time="2026-05-05T02:46:17.994875995Z" level=info msg="OTEL tracing is not configured, using no-op tracer provider"
time="2026-05-05T02:46:17.995110573Z" level=info msg="CDI directory does not exist, skipping" dir=/etc/cdi
time="2026-05-05T02:46:17.995123437Z" level=info msg="CDI directory does not exist, skipping" dir=/var/run/cdi
time="2026-05-05T02:46:18.503310521Z" level=info msg="Creating a containerd client" address=/var/run/docker/containerd/containerd.sock timeout=1m0s
time="2026-05-05T02:46:18.512550941Z" level=info msg="Loading containers: start."
time="2026-05-05T02:46:18.512692283Z" level=info msg="NRI is disabled"
time="2026-05-05T02:46:18.512703704Z" level=info msg="Starting daemon with containerd snapshotter integration enabled"
time="2026-05-05T02:46:18.518684127Z" level=info msg="Restoring containers: start."
time="2026-05-05T02:46:18.750814862Z" level=info msg="Deleting nftables IPv4 rules" error="exit status 1" output="Error: Could not process rule: No such file or directory\ndelete table ip docker-bridges"
time="2026-05-05T02:46:18.758715958Z" level=info msg="Deleting nftables IPv6 rules" error="exit status 1" output="Error: Could not process rule: No such file or directory\ndelete table ip6 docker-bridges"
time="2026-05-05T02:46:19.273271563Z" level=info msg="Loading containers: done."
time="2026-05-05T02:46:19.283550327Z" level=info msg="Docker daemon" commit=83bca512aa7ffc1bb4f37ce1107e0d3e3489ad43 containerd-snapshotter=true storage-driver=overlayfs version=29.3.0-1
time="2026-05-05T02:46:19.283677965Z" level=info msg="Initializing buildkit"
time="2026-05-05T02:46:19.306025798Z" level=info msg="Completed buildkit initialization"
time="2026-05-05T02:46:19.312889279Z" level=info msg="Daemon has completed initialization"
time="2026-05-05T02:46:19.312944312Z" level=info msg="API listen on /var/run/docker.sock"
